(2, 0, 0) (2, 0, 0) (2, 0, 0) (1, 1, 0) 29743.2645024087
(1, 1, 0) (2, 0, 0) (2, 0, 0) (2, 0, 0) -20006.2186467759
(2, 0, 0) (1, 1, 0) (2, 0, 0) (2, 0, 0) -633556.745534277
(2, 0, 0) (2, 0, 0) (1, 1, 0) (2, 0, 0) 29743.2645024087
