Stoichiometry = HLi,  Charge = 0,  Multiplicity = 1
3 Li     0.000000     0.000000     0.000000
1 H     0.000000     0.000000     3.013924
cgbf((0.0, 0.0, 0.0), (0, 0, 0), [16.119575, 2.9362007, 0.7946505], [0.15432897, 0.53532814, 0.44463454])
cgbf((0.0, 0.0, 0.0), (0, 0, 0), [0.6362897, 0.1478601, 0.0480887], [-0.09996723, 0.39951283, 0.70011547])
cgbf((0.0, 0.0, 0.0), (1, 0, 0), [0.6362897, 0.1478601, 0.0480887], [0.15591627, 0.60768372, 0.39195739])
cgbf((0.0, 0.0, 0.0), (0, 1, 0), [0.6362897, 0.1478601, 0.0480887], [0.15591627, 0.60768372, 0.39195739])
cgbf((0.0, 0.0, 0.0), (0, 0, 1), [0.6362897, 0.1478601, 0.0480887], [0.15591627, 0.60768372, 0.39195739])
cgbf((0.0, 0.0, 3.0139239791845247), (0, 0, 0), [3.42525091, 0.62391373, 0.1688554], [0.15432897, 0.53532814, 0.44463454])
There are 4 shells.
[S shell: [16.119575, 2.9362007, 0.7946505], [0.15432897, 0.53532814, 0.44463454], S shell: [0.6362897, 0.1478601, 0.0480887], [-0.09996723, 0.39951283, 0.70011547], P shell: [0.6362897, 0.1478601, 0.0480887], [0.15591627, 0.60768372, 0.39195739], S shell: [3.42525091, 0.62391373, 0.1688554], [0.15432897, 0.53532814, 0.44463454]]
UHF Hamiltonian
Stoichiometry = HLi,  Charge = 0,  Multiplicity = 1
3 Li     0.000000     0.000000     0.000000
1 H     0.000000     0.000000     3.013924
Basis set: STO-3G, Nbf: 6
Status: Converged = True
  0   -3.1425455
  1   -7.8185992
  2   -7.8610138
  3   -7.8618972
  4   -7.8619938
  5   -7.8620178
  6   -7.8620244
  7   -7.8620262
  8   -7.8620267
  9   -7.8620269
 10   -7.8620269
 11   -7.8620269
 12   -7.8620269
 13   -7.8620269
 14   -7.8620269
